[    0.000000] Initializing cgroup subsys cpuset
[    0.000000] Initializing cgroup subsys cpu
[    0.000000] Initializing cgroup subsys cpuacct
[    0.000000] Linux version 4.4.0-83-generic (buildd@lgw01-29) (gcc version 5.4.0 20160609 (Ubuntu 5.4.0-6ubuntu1~16.04.4) ) #106-Ubuntu SMP Mon Jun 26 17:54:43 UTC 2017 (Ubuntu 4.4.0-83.106-generic 4.4.70)
[    0.000000] Command line: BOOT_IMAGE=/boot/vmlinuz-4.4.0-83-generic root=LABEL=cloudimg-rootfs ro console=tty1 console=ttyS0
[    0.000000] KERNEL supported cpus:
[    0.000000]   Intel GenuineIntel
[    0.000000]   AMD AuthenticAMD
[    0.000000]   Centaur CentaurHauls
[    0.000000] ------------[ cut here ]------------
[    0.000000] WARNING: CPU: 0 PID: 0 at /build/linux-0uniEn/linux-4.4.0/arch/x86/kernel/fpu/xstate.c:517 fpu__init_system_xstate+0x38b/0x75a()
[    0.000000] XSAVE consistency problem, dumping leaves
[    0.000000] Modules linked in:
[    0.000000] CPU: 0 PID: 0 Comm: swapper Not tainted 4.4.0-83-generic #106-Ubuntu
[    0.000000]  0000000000000086 2b1fee133c273c91 ffffffff81e03d80 ffffffff813f9513
[    0.000000]  ffffffff81e03dc8 ffffffff81caa0b0 ffffffff81e03db8 ffffffff81081322
[    0.000000]  ffffffff81e03e48 ffffffff81e03e4c 0000000000000008 0000000000000100
[    0.000000] Call Trace:
[    0.000000]  [<ffffffff813f9513>] dump_stack+0x63/0x90
[    0.000000]  [<ffffffff81081322>] warn_slowpath_common+0x82/0xc0
[    0.000000]  [<ffffffff810813bc>] warn_slowpath_fmt+0x5c/0x80
[    0.000000]  [<ffffffff8107d040>] ? xfeature_size+0x59/0x77
[    0.000000]  [<ffffffff81f6d206>] fpu__init_system_xstate+0x38b/0x75a
[    0.000000]  [<ffffffff81f5d120>] ? early_idt_handler_array+0x120/0x120
[    0.000000]  [<ffffffff81f6cb71>] fpu__init_system+0x10d/0x245
[    0.000000]  [<ffffffff81f6dc7a>] early_cpu_init+0x139/0x13e
[    0.000000]  [<ffffffff81f6dc7a>] ? early_cpu_init+0x139/0x13e
[    0.000000]  [<ffffffff81f69181>] setup_arch+0xb4/0xcf1
[    0.000000]  [<ffffffff81f5d120>] ? early_idt_handler_array+0x120/0x120
[    0.000000]  [<ffffffff81f5dc74>] start_kernel+0xe4/0x4a2
[    0.000000]  [<ffffffff81f5d120>] ? early_idt_handler_array+0x120/0x120
[    0.000000]  [<ffffffff81f5d339>] x86_64_start_reservations+0x2a/0x2c
[    0.000000]  [<ffffffff81f5d485>] x86_64_start_kernel+0x14a/0x16d
[    0.000000] ---[ end trace 4d5ff9f2f68c4233 ]---
[    0.000000] CPUID[0d, 00]: eax=00000007 ebx=00000440 ecx=00000440 edx=00000000
[    0.000000] CPUID[0d, 01]: eax=00000000 ebx=000003c0 ecx=00000000 edx=00000000
[    0.000000] CPUID[0d, 02]: eax=00000100 ebx=00000240 ecx=00000000 edx=00000000
[    0.000000] CPUID[0d, 03]: eax=00000000 ebx=00000000 ecx=00000000 edx=00000000
[    0.000000] CPUID[0d, 04]: eax=00000000 ebx=00000000 ecx=00000000 edx=00000000
[    0.000000] CPUID[0d, 05]: eax=00000000 ebx=00000000 ecx=00000000 edx=00000000
[    0.000000] CPUID[0d, 06]: eax=00000000 ebx=00000000 ecx=00000000 edx=00000000
[    0.000000] CPUID[0d, 07]: eax=00000000 ebx=00000000 ecx=00000000 edx=00000000
[    0.000000] CPUID[0d, 08]: eax=00000000 ebx=00000000 ecx=00000000 edx=00000000
[    0.000000] CPUID[0d, 09]: eax=00000000 ebx=00000000 ecx=00000000 edx=00000000
[    0.000000] CPUID[0d, 0a]: eax=00000000 ebx=00000000 ecx=00000000 edx=00000000
[    0.000000] CPUID[0d, 0b]: eax=00000000 ebx=00000000 ecx=00000000 edx=00000000
[    0.000000] CPUID[0d, 0c]: eax=00000000 ebx=00000000 ecx=00000000 edx=00000000
[    0.000000] CPUID[0d, 0d]: eax=00000000 ebx=00000000 ecx=00000000 edx=00000000
[    0.000000] CPUID[0d, 0e]: eax=00000000 ebx=00000000 ecx=00000000 edx=00000000
[    0.000000] CPUID[0d, 0f]: eax=00000000 ebx=00000000 ecx=00000000 edx=00000000
[    0.000000] CPUID[0d, 10]: eax=00000000 ebx=00000000 ecx=00000000 edx=00000000
[    0.000000] CPUID[0d, 11]: eax=00000000 ebx=00000000 ecx=00000000 edx=00000000
[    0.000000] x86/fpu: xstate_offset[2]:  576, xstate_sizes[2]:  256
[    0.000000] x86/fpu: Supporting XSAVE feature 0x01: 'x87 floating point registers'
[    0.000000] x86/fpu: Supporting XSAVE feature 0x02: 'SSE registers'
[    0.000000] x86/fpu: Supporting XSAVE feature 0x04: 'AVX registers'
[    0.000000] x86/fpu: Enabled xstate features 0x7, context size is 1088 bytes, using 'standard' format.
[    0.000000] x86/fpu: Using 'lazy' FPU context switches.
[    0.000000] e820: BIOS-provided physical RAM map:
[    0.000000] BIOS-e820: [mem 0x0000000000000000-0x000000000009fbff] usable
[    0.000000] BIOS-e820: [mem 0x000000000009fc00-0x000000000009ffff] reserved
[    0.000000] BIOS-e820: [mem 0x00000000000f0000-0x00000000000fffff] reserved
[    0.000000] BIOS-e820: [mem 0x0000000000100000-0x000000003ffeffff] usable
[    0.000000] BIOS-e820: [mem 0x000000003fff0000-0x000000003fffffff] ACPI data
[    0.000000] BIOS-e820: [mem 0x00000000fec00000-0x00000000fec00fff] reserved
[    0.000000] BIOS-e820: [mem 0x00000000fee00000-0x00000000fee00fff] reserved
[    0.000000] BIOS-e820: [mem 0x00000000fffc0000-0x00000000ffffffff] reserved
[    0.000000] NX (Execute Disable) protection: active
[    0.000000] SMBIOS 2.5 present.
[    0.000000] Hypervisor detected: KVM
[    0.000000] e820: last_pfn = 0x3fff0 max_arch_pfn = 0x400000000
[    0.000000] MTRR: Disabled
[    0.000000] x86/PAT: MTRRs disabled, skipping PAT initialization too.
[    0.000000] x86/PAT: Configuration [0-7]: WB  WT  UC- UC  WB  WT  UC- UC  
[    0.000000] CPU MTRRs all blank - virtualized system.
[    0.000000] found SMP MP-table at [mem 0x0009fff0-0x0009ffff] mapped at [ffff88000009fff0]
[    0.000000] Scanning 1 areas for low memory corruption
[    0.000000] RAMDISK: [mem 0x36abe000-0x37556fff]
[    0.000000] ACPI: Early table checksum verification disabled
[    0.000000] ACPI: RSDP 0x00000000000E0000 000024 (v02 VBOX  )
[    0.000000] ACPI: XSDT 0x000000003FFF0030 00003C (v01 VBOX   VBOXXSDT 00000001 ASL  00000061)
[    0.000000] ACPI: FACP 0x000000003FFF00F0 0000F4 (v04 VBOX   VBOXFACP 00000001 ASL  00000061)
[    0.000000] ACPI: DSDT 0x000000003FFF0470 0021C8 (v02 VBOX   VBOXBIOS 00000002 INTL 20100528)
[    0.000000] ACPI: FACS 0x000000003FFF0200 000040
[    0.000000] ACPI: FACS 0x000000003FFF0200 000040
[    0.000000] ACPI: APIC 0x000000003FFF0240 00005C (v02 VBOX   VBOXAPIC 00000001 ASL  00000061)
[    0.000000] ACPI: SSDT 0x000000003FFF02A0 0001CC (v01 VBOX   VBOXCPUT 00000002 INTL 20100528)
[    0.000000] No NUMA configuration found
[    0.000000] Faking a node at [mem 0x0000000000000000-0x000000003ffeffff]
[    0.000000] NODE_DATA(0) allocated [mem 0x3ffeb000-0x3ffeffff]
[    0.000000] kvm-clock: Using msrs 4b564d01 and 4b564d00
[    0.000000] kvm-clock: cpu 0, msr 0:3ffe3001, primary cpu clock
[    0.000000] kvm-clock: using sched offset of 2993785339 cycles
[    0.000000] clocksource: kvm-clock: mask: 0xffffffffffffffff max_cycles: 0x1cd42e4dffb, max_idle_ns: 881590591483 ns
[    0.000000] Zone ranges:
[    0.000000]   DMA      [mem 0x0000000000001000-0x0000000000ffffff]
[    0.000000]   DMA32    [mem 0x0000000001000000-0x000000003ffeffff]
[    0.000000]   Normal   empty
[    0.000000]   Device   empty
[    0.000000] Movable zone start for each node
[    0.000000] Early memory node ranges
[    0.000000]   node   0: [mem 0x0000000000001000-0x000000000009efff]
[    0.000000]   node   0: [mem 0x0000000000100000-0x000000003ffeffff]
[    0.000000] Initmem setup node 0 [mem 0x0000000000001000-0x000000003ffeffff]
[    0.000000] ACPI: PM-Timer IO Port: 0x4008
[    0.000000] IOAPIC[0]: apic_id 2, version 32, address 0xfec00000, GSI 0-23
[    0.000000] ACPI: INT_SRC_OVR (bus 0 bus_irq 0 global_irq 2 dfl dfl)
[    0.000000] ACPI: INT_SRC_OVR (bus 0 bus_irq 9 global_irq 9 high level)
[    0.000000] Using ACPI (MADT) for SMP configuration information
[    0.000000] smpboot: Allowing 2 CPUs, 0 hotplug CPUs
[    0.000000] PM: Registered nosave memory: [mem 0x00000000-0x00000fff]
[    0.000000] PM: Registered nosave memory: [mem 0x0009f000-0x0009ffff]
[    0.000000] PM: Registered nosave memory: [mem 0x000a0000-0x000effff]
[    0.000000] PM: Registered nosave memory: [mem 0x000f0000-0x000fffff]
[    0.000000] e820: [mem 0x40000000-0xfebfffff] available for PCI devices
[    0.000000] Booting paravirtualized kernel on KVM
[    0.000000] clocksource: refined-jiffies: mask: 0xffffffff max_cycles: 0xffffffff, max_idle_ns: 7645519600211568 ns
[    0.000000] setup_percpu: NR_CPUS:512 nr_cpumask_bits:512 nr_cpu_ids:2 nr_node_ids:1
[    0.000000] PERCPU: Embedded 33 pages/cpu @ffff88003fc00000 s98264 r8192 d28712 u1048576
[    0.000000] PV qspinlock hash table entries: 256 (order: 0, 4096 bytes)
[    0.000000] Built 1 zonelists in Node order, mobility grouping on.  Total pages: 257913
[    0.000000] Policy zone: DMA32
[    0.000000] Kernel command line: BOOT_IMAGE=/boot/vmlinuz-4.4.0-83-generic root=LABEL=cloudimg-rootfs ro console=tty1 console=ttyS0
[    0.000000] PID hash table entries: 4096 (order: 3, 32768 bytes)
[    0.000000] Memory: 1001724K/1048120K available (8469K kernel code, 1294K rwdata, 3984K rodata, 1488K init, 1316K bss, 46396K reserved, 0K cma-reserved)
[    0.000000] SLUB: HWalign=64, Order=0-3, MinObjects=0, CPUs=2, Nodes=1
[    0.000000] Hierarchical RCU implementation.
[    0.000000] 	Build-time adjustment of leaf fanout to 64.
[    0.000000] 	RCU restricting CPUs from NR_CPUS=512 to nr_cpu_ids=2.
[    0.000000] RCU: Adjusting geometry for rcu_fanout_leaf=64, nr_cpu_ids=2
[    0.000000] NR_IRQS:33024 nr_irqs:440 16
[    0.000000] Console: colour VGA+ 80x25
[    0.000000] console [tty1] enabled
[    0.000000] console [ttyS0] enabled
[    0.000000] tsc: Detected 3407.994 MHz processor
[    1.785513] Calibrating delay loop (skipped) preset value.. 6815.98 BogoMIPS (lpj=13631976)
[    1.790520] pid_max: default: 32768 minimum: 301
[    1.791178] ACPI: Core revision 20150930
[    1.792571] ACPI: 2 ACPI AML tables successfully acquired and loaded
[    1.807963] Security Framework initialized
[    1.808585] Yama: becoming mindful.
[    1.809159] AppArmor: AppArmor initialized
[    1.813614] Dentry cache hash table entries: 131072 (order: 8, 1048576 bytes)
[    1.818571] Inode-cache hash table entries: 65536 (order: 7, 524288 bytes)
[    1.826750] Mount-cache hash table entries: 2048 (order: 2, 16384 bytes)
[    1.836465] Mountpoint-cache hash table entries: 2048 (order: 2, 16384 bytes)
[    1.837525] Initializing cgroup subsys io
[    1.838129] Initializing cgroup subsys memory
[    1.838774] Initializing cgroup subsys devices
[    1.839503] Initializing cgroup subsys freezer
[    1.840157] Initializing cgroup subsys net_cls
[    1.844707] Initializing cgroup subsys perf_event
[    1.846905] Initializing cgroup subsys net_prio
[    1.847555] Initializing cgroup subsys hugetlb
[    1.848192] Initializing cgroup subsys pids
[    1.848871] CPU: Physical Processor ID: 0
[    1.849488] CPU: Processor Core ID: 0
[    1.850975] mce: CPU supports 0 MCE banks
[    1.853565] Last level iTLB entries: 4KB 128, 2MB 8, 4MB 8
[    1.854337] Last level dTLB entries: 4KB 64, 2MB 0, 4MB 0, 1GB 4
[    1.856776] Freeing SMP alternatives memory: 32K (ffffffff820b9000 - ffffffff820c1000)
[    1.872545] ftrace: allocating 32129 entries in 126 pages
[    1.919128] smpboot: APIC(0) Converting physical 0 to logical package 0
[    1.929714] smpboot: Max logical packages: 1
[    1.930597] x2apic enabled
[    1.931270] Switched APIC routing to physical x2apic.
[    1.932903] ..TIMER: vector=0x30 apic1=0 pin1=2 apic2=-1 pin2=-1
[    2.041901] smpboot: CPU0: Intel(R) Core(TM) i5-7500 CPU @ 3.40GHz (family: 0x6, model: 0x9e, stepping: 0x9)
[    2.060946] Performance Events: unsupported p6 CPU model 158 no PMU driver, software events only.
[    2.062377] KVM setup paravirtual spinlock
[    2.063529] x86: Booting SMP configuration:
[    2.064146] .... node  #0, CPUs:      #1
[    2.064789] kvm-clock: cpu 1, msr 0:3ffe3041, secondary cpu clock
[    2.066302] mce: CPU supports 0 MCE banks
[    2.071622] x86: Booted up 1 node, 2 CPUs
[    2.072383] smpboot: Total of 2 processors activated (13631.97 BogoMIPS)
[    2.073522] devtmpfs: initialized
[    2.077469] evm: security.selinux
[    2.079538] evm: security.SMACK64
[    2.080068] evm: security.SMACK64EXEC
[    2.080648] evm: security.SMACK64TRANSMUTE
[    2.081251] evm: security.SMACK64MMAP
[    2.081820] evm: security.ima
[    2.083819] evm: security.capability
[    2.084529] clocksource: jiffies: mask: 0xffffffff max_cycles: 0xffffffff, max_idle_ns: 7645041785100000 ns
[    2.085863] futex hash table entries: 512 (order: 3, 32768 bytes)
[    2.086761] pinctrl core: initialized pinctrl subsystem
[    2.087567] RTC time:  8:09:13, date: 07/20/17
[    2.092795] NET: Registered protocol family 16
[    2.107695] cpuidle: using governor ladder
[    2.126340] cpuidle: using governor menu
[    2.136731] PCCT header not found.
[    2.146499] ACPI: bus type PCI registered
[    2.147101] acpiphp: ACPI Hot Plug PCI Controller Driver version: 0.5
[    2.148035] PCI: Using configuration type 1 for base access
[    2.160077] ACPI: Added _OSI(Module Device)
[    2.170698] ACPI: Added _OSI(Processor Device)
[    2.171345] ACPI: Added _OSI(3.0 _SCP Extensions)
[    2.172020] ACPI: Added _OSI(Processor Aggregator Device)
[    2.173320] ACPI: Executed 1 blocks of module-level executable AML code
[    2.175722] ACPI: Interpreter enabled
[    2.176303] ACPI: (supports S0 S5)
[    2.176854] ACPI: Using IOAPIC for interrupt routing
[    2.178736] PCI: Using host bridge windows from ACPI; if necessary, use "pci=nocrs" and report a bug
[    2.186029] ACPI: PCI Root Bridge [PCI0] (domain 0000 [bus 00-ff])
[    2.186860] acpi PNP0A03:00: _OSC: OS supports [ASPM ClockPM Segments MSI]
[    2.187756] acpi PNP0A03:00: _OSC failed (AE_NOT_FOUND); disabling ASPM
[    2.188638] acpi PNP0A03:00: fail to add MMCONFIG information, can't access extended PCI configuration space under this bridge.
[    2.194667] PCI host bridge to bus 0000:00
[    2.195445] pci_bus 0000:00: root bus resource [io  0x0000-0x0cf7 window]
[    2.196324] pci_bus 0000:00: root bus resource [io  0x0d00-0xffff window]
[    2.197218] pci_bus 0000:00: root bus resource [mem 0x000a0000-0x000bffff window]
[    2.198327] pci_bus 0000:00: root bus resource [mem 0x40000000-0xffdfffff window]
[    2.199424] pci_bus 0000:00: root bus resource [bus 00-ff]
[    2.201397] pci 0000:00:01.1: legacy IDE quirk: reg 0x10: [io  0x01f0-0x01f7]
[    2.202314] pci 0000:00:01.1: legacy IDE quirk: reg 0x14: [io  0x03f6]
[    2.204749] pci 0000:00:01.1: legacy IDE quirk: reg 0x18: [io  0x0170-0x0177]
[    2.205651] pci 0000:00:01.1: legacy IDE quirk: reg 0x1c: [io  0x0376]
[    2.227777] pci 0000:00:07.0: quirk: [io  0x4000-0x403f] claimed by PIIX4 ACPI
[    2.238252] pci 0000:00:07.0: quirk: [io  0x4100-0x410f] claimed by PIIX4 SMB
[    2.242294] ACPI: PCI Interrupt Link [LNKA] (IRQs 5 9 10 *11)
[    2.247384] ACPI: PCI Interrupt Link [LNKB] (IRQs 5 9 10 *11)
[    2.248504] ACPI: PCI Interrupt Link [LNKC] (IRQs 5 9 *10 11)
[    2.251538] ACPI: PCI Interrupt Link [LNKD] (IRQs 5 *9 10 11)
[    2.252710] ACPI: Enabled 2 GPEs in block 00 to 07
[    2.257449] vgaarb: setting as boot device: PCI:0000:00:02.0
[    2.258229] vgaarb: device added: PCI:0000:00:02.0,decodes=io+mem,owns=io+mem,locks=none
[    2.259406] vgaarb: loaded
[    2.274818] vgaarb: bridge control possible 0000:00:02.0
[    2.276779] SCSI subsystem initialized
[    2.283021] ACPI: bus type USB registered
[    2.283645] usbcore: registered new interface driver usbfs
[    2.284409] usbcore: registered new interface driver hub
[    2.288886] usbcore: registered new device driver usb
[    2.289773] PCI: Using ACPI for IRQ routing
[    2.292211] NetLabel: Initializing
[    2.293969] NetLabel:  domain hash size = 128
[    2.301804] NetLabel:  protocols = UNLABELED CIPSOv4
[    2.303864] NetLabel:  unlabeled traffic allowed by default
[    2.304739] amd_nb: Cannot enumerate AMD northbridges
[    2.305476] clocksource: Switched to clocksource kvm-clock
[    2.319245] AppArmor: AppArmor Filesystem Enabled
[    2.378205] pnp: PnP ACPI init
[    2.379319] pnp: PnP ACPI: found 3 devices
[    2.389109] clocksource: acpi_pm: mask: 0xffffff max_cycles: 0xffffff, max_idle_ns: 2085701024 ns
[    2.415919] NET: Registered protocol family 2
[    2.416722] TCP established hash table entries: 8192 (order: 4, 65536 bytes)
[    2.421776] TCP bind hash table entries: 8192 (order: 5, 131072 bytes)
[    2.422626] TCP: Hash tables configured (established 8192 bind 8192)
[    2.423463] UDP hash table entries: 512 (order: 2, 16384 bytes)
[    2.424251] UDP-Lite hash table entries: 512 (order: 2, 16384 bytes)
[    2.425102] NET: Registered protocol family 1
[    2.425744] pci 0000:00:00.0: Limiting direct PCI/PCI transfers
[    2.426562] pci 0000:00:01.0: Activating ISA DMA hang workarounds
[    2.431896] Unpacking initramfs...
[    3.890795] Freeing initrd memory: 10852K (ffff880036abe000 - ffff880037557000)
[    3.922128] platform rtc_cmos: registered platform RTC device (no PNP device found)
[    3.923266] Scanning for low memory corruption every 60 seconds
[    3.924344] audit: initializing netlink subsys (disabled)
[    3.925098] audit: type=2000 audit(1500538156.975:1): initialized
[    3.926133] Initialise system trusted keyring
[    3.926879] HugeTLB registered 2 MB page size, pre-allocated 0 pages
[    3.928685] zbud: loaded
[    3.931290] VFS: Disk quotas dquot_6.6.0
[    3.942220] VFS: Dquot-cache hash table entries: 512 (order 0, 4096 bytes)
[    3.943295] squashfs: version 4.0 (2009/01/31) Phillip Lougher
[    3.949835] fuse init (API version 7.23)
[    3.950560] Key type big_key registered
[    3.951156] Allocating IMA MOK and blacklist keyrings.
[    3.955440] Key type asymmetric registered
[    3.956052] Asymmetric key parser 'x509' registered
[    3.956773] Block layer SCSI generic (bsg) driver version 0.4 loaded (major 249)
[    3.957948] io scheduler noop registered
[    3.958543] io scheduler deadline registered (default)
[    3.959321] io scheduler cfq registered
[    3.959972] pci_hotplug: PCI Hot Plug PCI Core version: 0.5
[    3.965580] pciehp: PCI Express Hot Plug Controller Driver version: 0.4
[    3.974594] ACPI: AC Adapter [AC] (on-line)
[    3.975257] input: Power Button as /devices/LNXSYSTM:00/LNXPWRBN:00/input/input0
[    3.976354] ACPI: Power Button [PWRF]
[    3.976960] input: Sleep Button as /devices/LNXSYSTM:00/LNXSLPBN:00/input/input1
[    3.978076] ACPI: Sleep Button [SLPF]
[    3.978793] GHES: HEST is not enabled!
[    3.986361] Serial: 8250/16550 driver, 32 ports, IRQ sharing enabled
[    4.011744] 00:02: ttyS0 at I/O 0x3f8 (irq = 4, base_baud = 115200) is a 16550A
[    4.051343] Linux agpgart interface v0.103
[    4.055164] loop: module loaded
[    4.056105] scsi host0: ata_piix
[    4.056722] scsi host1: ata_piix
[    4.057268] ata1: PATA max UDMA/33 cmd 0x1f0 ctl 0x3f6 bmdma 0xd000 irq 14
[    4.061110] ata2: PATA max UDMA/33 cmd 0x170 ctl 0x376 bmdma 0xd008 irq 15
[    4.062276] libphy: Fixed MDIO Bus: probed
[    4.062898] tun: Universal TUN/TAP device driver, 1.6
[    4.063597] tun: (C) 1999-2004 Max Krasnyansky <maxk@qualcomm.com>
[    4.070589] PPP generic driver version 2.4.2
[    4.073797] ehci_hcd: USB 2.0 'Enhanced' Host Controller (EHCI) Driver
[    4.078699] ehci-pci: EHCI PCI platform driver
[    4.081387] ehci-platform: EHCI generic platform driver
[    4.082138] ohci_hcd: USB 1.1 'Open' Host Controller (OHCI) Driver
[    4.082954] ohci-pci: OHCI PCI platform driver
[    4.083606] ohci-platform: OHCI generic platform driver
[    4.090503] uhci_hcd: USB Universal Host Controller Interface driver
[    4.094361] i8042: PNP: PS/2 Controller [PNP0303:PS2K,PNP0f03:PS2M] at 0x60,0x64 irq 1,12
[    4.102848] serio: i8042 KBD port at 0x60,0x64 irq 1
[    4.103550] serio: i8042 AUX port at 0x60,0x64 irq 12
[    4.104398] mousedev: PS/2 mouse device common for all mice
[    4.105409] input: AT Translated Set 2 keyboard as /devices/platform/i8042/serio0/input/input2
[    4.109853] rtc_cmos rtc_cmos: rtc core: registered rtc_cmos as rtc0
[    4.109897] rtc_cmos rtc_cmos: alarms up to one day, 114 bytes nvram
[    4.109901] i2c /dev entries driver
[    4.109939] device-mapper: uevent: version 1.0.3
[    4.109975] device-mapper: ioctl: 4.34.0-ioctl (2015-10-28) initialised: dm-devel@redhat.com
[    4.109991] ledtrig-cpu: registered to indicate activity on CPUs
[    4.110167] NET: Registered protocol family 10
[    4.110263] NET: Registered protocol family 17
[    4.110272] Key type dns_resolver registered
[    4.118127] microcode: CPU0 sig=0x906e9, pf=0x8, revision=0x0
[    4.118137] microcode: CPU1 sig=0x906e9, pf=0x8, revision=0x0
[    4.118163] microcode: Microcode Update Driver: v2.01 <tigran@aivazian.fsnet.co.uk>, Peter Oruba
[    4.118249] registered taskstats version 1
[    4.118259] Loading compiled-in X.509 certificates
[    4.118710] Loaded X.509 cert 'Build time autogenerated kernel key: 35105354eb779045e4d9ad793dead39d5ee93f76'
[    4.118724] zswap: loaded using pool lzo/zbud
[    4.119623] Key type trusted registered
[    4.121119] Key type encrypted registered
[    4.121122] AppArmor: AppArmor sha1 policy hashing enabled
[    4.121123] ima: No TPM chip found, activating TPM-bypass!
[    4.121138] evm: HMAC attrs: 0x1
[    4.121306]   Magic number: 9:970:169
[    4.125935] rtc_cmos rtc_cmos: setting system clock to 2017-07-20 08:09:15 UTC (1500538155)
[    4.125997] BIOS EDD facility v0.16 2004-Jun-25, 0 devices found
[    4.125998] EDD information not available.
[    4.218475] Freeing unused kernel memory: 1488K (ffffffff81f45000 - ffffffff820b9000)
[    4.226635] Write protecting the kernel read-only data: 14336k
[    4.227732] Freeing unused kernel memory: 1760K (ffff880001848000 - ffff880001a00000)
[    4.229024] Freeing unused kernel memory: 112K (ffff880001de4000 - ffff880001e00000)
Loading, please wait...
starting version[    4.244190] random: systemd-udevd: uninitialized urandom read (16 bytes read, 3 bits of entropy available)
 229
[    4.244596] random: udevadm: uninitialized urandom read (16 bytes read, 3 bits of entropy available)
[    4.244620] random: udevadm: uninitialized urandom read (16 bytes read, 3 bits of entropy available)
[    4.244696] random: udevadm: uninitialized urandom read (16 bytes read, 3 bits of entropy available)
[    4.244723] random: udevadm: uninitialized urandom read (16 bytes read, 3 bits of entropy available)
[    4.244749] random: udevadm: uninitialized urandom read (16 bytes read, 3 bits of entropy available)
[    4.244776] random: udevadm: uninitialized urandom read (16 bytes read, 3 bits of entropy available)
[    4.244802] random: udevadm: uninitialized urandom read (16 bytes read, 3 bits of entropy available)
[    4.244830] random: udevadm: uninitialized urandom read (16 bytes read, 3 bits of entropy available)
[    4.244855] random: udevadm: uninitialized urandom read (16 bytes read, 3 bits of entropy available)
[    4.291725] Fusion MPT base driver 3.04.20
[    4.306170] Copyright (c) 1999-2008 LSI Corporation
[    4.308666] e1000: Intel(R) PRO/1000 Network Driver - version 7.3.21-k8-NAPI
[    4.309603] e1000: Copyright (c) 1999-2006 Intel Corporation.
[    4.316421] Fusion MPT SPI Host driver 3.04.20
[    4.329215] AVX version of gcm_enc/dec engaged.
[    4.348740] AES CTR mode by8 optimization enabled
[    4.510857] input: ImExPS/2 Generic Explorer Mouse as /devices/platform/i8042/serio1/input/input4
[    4.653096] e1000 0000:00:03.0 eth0: (PCI:33MHz:32-bit) 02:8d:c1:65:67:83
[    4.662482] e1000 0000:00:03.0 eth0: Intel(R) PRO/1000 Network Connection
[    4.667020] mptbase: ioc0: Initiating bringup
[    4.667433] e1000 0000:00:03.0 enp0s3: renamed from eth0
[    4.734514] ioc0: LSI53C1030 A0: Capabilities={Initiator}
[    4.907920] scsi host2: ioc0: LSI53C1030 A0, FwRev=00000000h, Ports=1, MaxQ=256, IRQ=20
[    4.948286] tsc: Refined TSC clocksource calibration: 3407.980 MHz
[    4.950204] clocksource: tsc: mask: 0xffffffffffffffff max_cycles: 0x311fc0f2ea6, max_idle_ns: 440795258320 ns
[    5.079144] scsi 2:0:0:0: Direct-Access     VBOX     HARDDISK         1.0  PQ: 0 ANSI: 5
[    5.090903] scsi target2:0:0: Beginning Domain Validation
[    5.092333] scsi target2:0:0: Domain Validation skipping write tests
[    5.103507] scsi target2:0:0: Ending Domain Validation
[    5.113932] scsi target2:0:0: asynchronous
[    5.114902] scsi 2:0:1:0: Direct-Access     VBOX     HARDDISK         1.0  PQ: 0 ANSI: 5
[    5.117652] scsi target2:0:1: Beginning Domain Validation
[    5.119068] scsi target2:0:1: Domain Validation skipping write tests
[    5.125732] scsi target2:0:1: Ending Domain Validation
[    5.126493] scsi target2:0:1: asynchronous
[    5.130510] sd 2:0:0:0: Attached scsi generic sg0 type 0
[    5.131255] sd 2:0:0:0: [sda] 20971520 512-byte logical blocks: (10.7 GB/10.0 GiB)
[    5.137381] sd 2:0:1:0: Attached scsi generic sg1 type 0
[    5.138214] sd 2:0:1:0: [sdb] 20480 512-byte logical blocks: (10.5 MB/10.0 MiB)
[    5.138272] sd 2:0:0:0: [sda] Write Protect is off
[    5.138323] sd 2:0:0:0: [sda] Incomplete mode parameter data
[    5.138323] sd 2:0:0:0: [sda] Assuming drive cache: write through
[    5.143599] sd 2:0:1:0: [sdb] Write Protect is off
[    5.143903]  sda: sda1
[    5.146926] sd 2:0:1:0: [sdb] Incomplete mode parameter data
[    5.147225] sd 2:0:0:0: [sda] Attached SCSI disk
[    5.153271] sd 2:0:1:0: [sdb] Assuming drive cache: write through
[    5.155481] sd 2:0:1:0: [sdb] Attached SCSI disk
[    7.358151] floppy0: no floppy controllers found
Begin: Loading e[    8.646765] md: linear personality registered for level -1
ssential drivers ... [    8.655272] md: multipath personality registered for level -4
[    8.676370] md: raid0 personality registered for level 0
[    8.715109] md: raid1 personality registered for level 1
[    8.797554] raid6: sse2x1   gen() 10625 MB/s
[    8.877680] raid6: sse2x1   xor()  6471 MB/s
[    8.957695] raid6: sse2x2   gen() 12776 MB/s
[    9.041685] raid6: sse2x2   xor()  8648 MB/s
[    9.117808] raid6: sse2x4   gen() 13970 MB/s
[    9.193726] raid6: sse2x4   xor()  9765 MB/s
[    9.202901] raid6: using algorithm sse2x4 gen() 13970 MB/s
[    9.203643] raid6: .... xor() 9765 MB/s, rmw enabled
[    9.204339] raid6: using ssse3x2 recovery algorithm
[    9.207351] xor: automatically using best checksumming function:
[    9.245489]    avx       : 27077.000 MB/sec
[    9.251275] async_tx: api initialized (async)
[    9.257080] md: raid6 personality registered for level 6
[    9.273032] md: raid5 personality registered for level 5
[    9.281307] md: raid4 personality registered for level 4
[    9.295221] md: raid10 personality registered for level 10
done.
Begin: Running /scripts/init-premount ... done.
Begin: Mounting root file system ... Begin: Running /scripts/local-top ... done.
Begin: Running /scripts/local-premount ... [    9.316739] Btrfs loaded
Scanning for Btrfs filesystems
done.
Warning: fsck not present, so sk[    9.348676] EXT4-fs (sda1): mounted filesystem with ordered data mode. Opts: (null)
ipping root file system
done.
Begin: Running /scripts/local-bottom ... done.
Begin: Running /scripts/init-bottom ... done.
[    9.417244] systemd[1]: systemd 229 running in system mode. (+PAM +AUDIT +SELINUX +IMA +APPARMOR +SMACK +SYSVINIT +UTMP +LIBCRYPTSETUP +GCRYPT +GNUTLS +ACL +XZ -LZ4 +SECCOMP +BLKID +ELFUTILS +KMOD -IDN)
[    9.428970] systemd[1]: Detected virtualization oracle.
[    9.429726] systemd[1]: Detected architecture x86-64.

Welcome to [1mUbuntu 16.04.2 LTS[0m!

[    9.435821] systemd[1]: Set hostname to <ubuntu>.
[    9.441163] systemd[1]: Initializing machine ID from random generator.
[    9.456501] systemd[1]: Installed transient /etc/machine-id file.
[    9.534530] systemd[1]: Listening on /dev/initctl Compatibility Named Pipe.
[[0;32m  OK  [0m] Listening on /dev/initctl Compatibility Named Pipe.
[    9.549943] systemd[1]: Listening on Syslog Socket.
[[0;32m  OK  [0m] Listening on Syslog Socket.
[    9.558444] systemd[1]: Reached target Encrypted Volumes.
[[0;32m  OK  [0m] Reached target Encrypted Volumes.
[    9.563577] systemd[1]: Listening on udev Kernel Socket.
[[0;32m  OK  [0m] Listening on udev Kernel Socket.
[    9.581082] systemd[1]: Reached target User and Group Name Lookups.
[[0;32m  OK  [0m] Reached target User and Group Name Lookups.
[    9.600922] systemd[1]: Listening on Journal Audit Socket.
[[0;32m  OK  [0m] Listening on Journal Audit Socket.
[    9.638067] systemd[1]: Listening on udev Control Socket.
[[0;32m  OK  [0m] Listening on udev Control Socket.
[    9.640999] systemd[1]: Reached target Swap.
[[0;32m  OK  [0m] Reached target Swap.
[    9.653741] systemd[1]: Created slice System Slice.
[[0;32m  OK  [0m] Created slice System Slice.
[    9.666442] systemd[1]: Listening on Device-mapper event daemon FIFOs.
[[0;32m  OK  [0m] Listening on Device-mapper event daemon FIFOs.
[    9.679136] systemd[1]: Set up automount Arbitrary Executable File Formats File System Automount Point.
[[0;32m  OK  [0m] Set up automount Arbitrary Executab...ats File System Automount Point.
[    9.694525] systemd[1]: Listening on LVM2 poll daemon socket.
[[0;32m  OK  [0m] Listening on LVM2 poll daemon socket.
[    9.705094] systemd[1]: Started Trigger resolvconf update for networkd DNS.
[[0;32m  OK  [0m] Started Trigger resolvconf update for networkd DNS.
[    9.720900] systemd[1]: Created slice User and Session Slice.
[[0;32m  OK  [0m] Created slice User and Session Slice.
[    9.727598] systemd[1]: Listening on Journal Socket.
[[0;32m  OK  [0m] Listening on Journal Socket.
[    9.753763] systemd[1]: Mounting Debug File System...
         Mounting Debug File System...
[    9.794887] systemd[1]: Starting Nameserver information manager...
         Starting Nameserver information manager...
[    9.822264] systemd[1]: Mounting POSIX Message Queue File System...
         Mounting POSIX Message Queue File System...
[    9.830978] systemd[1]: Starting Set console keymap...
         Starting Set console keymap...
[    9.836852] systemd[1]: Starting Remount Root and Kernel File Systems...
         Startin[    9.840605] EXT4-fs (sda1): re-mounted. Opts: (null)
g Remount Root and Kernel File Systems...
[    9.845254] systemd[1]: Starting Uncomplicated firewall...
         Starting Uncomplicated firewall...
[    9.872154] systemd[1]: Mounting Huge Pages File System...
         Mounting Huge Pages File System...
[    9.884631] systemd[1]: Starting Create list of required static device nodes for the current kernel...
         Starting Create list of required st... nodes for the current kernel...
[    9.894812] systemd[1]: Started Forward Password Requests to Wall Directory Watch.
[[0;32m  OK  [0m] Started Forward Password Requests to Wall Directory Watch.
[    9.905248] systemd[1]: Listening on Journal Socket (/dev/log).
[[0;32m  OK  [0m] Listening on Journal Socket (/dev/log).
[    9.921787] systemd[1]: Starting Journal Service...
         Starting Journal Service...
[    9.942804] systemd[1]: Created slice system-serial\x2dgetty.slice.
[[0;32m  OK  [0m] Created slice system-serial\x2dgetty.slice.
[    9.977748] systemd[1]: Reached target Slices.
[[0;32m  OK  [0m] Reached target Slices.
[   10.001762] systemd[1]: Starting Load Kernel Modules...
         Startin[   10.026774] Loading iSCSI transport class v2.0-870.
g Load Kernel Modules...
[   10.052297] iscsi: registered transport (tcp)
[   10.087716] systemd[1]: Listening on LVM2 metadata daemon socket.
[[0;32m  OK  [0m] Listening on LVM2 metadata daemon socket.
[   10.091428] random: nonblocking pool is initialized
[   10.091532] systemd[1]: Starting Monitoring of LVM2 mirrors, snapshots etc. using dmeventd or progress polling...
         Starting Monitoring of LVM2 mirrors... dmeventd or progress polling...
[   10.126584] iscsi: registered transport (iser)
[   10.142189] systemd[1]: Mounted Huge Pages File System.
[[0;32m  OK  [0m] Mounted Huge Pages File System.
[   10.159667] systemd[1]: Mounted Debug File System.
[[0;32m  OK  [0m] Mounted Debug File System.
[   10.178071] systemd[1]: Mounted POSIX Message Queue File System.
[[0;32m  OK  [0m] Mounted POSIX Message Queue File System.
[   10.182891] systemd[1]: Started Journal Service.
[[0;32m  OK  [0m] Started Journal Service.
[[0;32m  OK  [0m] Started Set console keymap.
[[0;32m  OK  [0m] Started Remount Root and Kernel File Systems.
[[0;32m  OK  [0m] Started Uncomplicated firewall.
[[0;32m  OK  [0m] Started Create list of required sta...ce nodes for the current kernel.
[[0;32m  OK  [0m] Started Load Kernel Modules.
[[0;32m  OK  [0m] Started Nameserver information manager.
[[0;32m  OK  [0m] Started LVM2 metadata daemon.
         Mounting FUSE Control File System...
         Starting Apply Kernel Variables...
         Starting Create Static Device Nodes in /dev...
         Starting Initial cloud-init job (pre-networking)...
         Starting udev Coldplug all Devices...
         Starting Load/Save Random Seed...
         Starting Flush Journal to Persistent Storage...
[[0;32m  OK  [0m] Mounted FUSE Control File System.
[[0;32m  OK  [0m] Started Apply Kernel Variables.
[[0;32m  OK  [0m] Started Create Static Device Nodes in /dev.
[[0;32m  OK  [0m] Started Load/Save Random Seed.
[[0;32m  OK  [0m] Started udev Coldplug all Devices.
[[0;32m  OK  [0m] Started Flush Journal to Persistent Storage.
         Starting udev Kernel Device Manager...
[[0;32m  OK  [0m] Started udev Kernel Device Manager.
[[0;32m  OK  [0m] Started Dispatch Password Requests to Console Directory Watch.
[[0;32m  OK  [0m] Found device /dev/ttyS0.
[[0;32m  OK  [0m] Started Monitoring of LVM2 mirrors,...ng dmeventd or progress polling.
[[0;32m  OK  [0m] Reached target Local File Systems (Pre).
[[0;32m  OK  [0m] Reached target Local File Systems.
         Starting Set console font and keymap...
         Starting Create Volatile Files and Directories...
         Starting Tell Plymouth To Write Out Runtime Data...
         Starting Commit a transient machine-id on disk...
         Starting LSB: AppArmor initialization...
[[0;32m  OK  [0m] Started Create Volatile Files and Directories.
[    9.224897] cloud-init[451]: Cloud-init v. 0.7.9 running 'init-local' at Thu, 20 Jul 2017 08:09:22 +0000. Up 8.99 seconds.
[[0;32m  OK  [0m] Started Tell Plymouth To Write Out Runtime Data.
[[0;32m  OK  [0m] Started Commit a transient machine-id on disk.
[[0;32m  OK  [0m] Started Initial cloud-init job (pre-networking).
[[0;32m  OK  [0m] Listening on Load/Save RF Kill Switch Status /dev/rfkill Watch.
[[0;32m  OK  [0m] Reached target Network (Pre).
         Starting Update UTMP about System Boot/Shutdown...
[[0;32m  OK  [0m] Reached target System Time Synchronized.
[[0;32m  OK  [0m] Started Update UTMP about System Boot/Shutdown.
[[0;32m  OK  [0m] Started Set console font and keymap.
[[0;32m  OK  [0m] Created slice system-getty.slice.
[[0;32m  OK  [0m] Started LSB: AppArmor initialization.
         Starting Raise network interfaces...
[[0;32m  OK  [0m] Started Raise network interfaces.
[[0;32m  OK  [0m] Reached target Network.
         Starting Initial cloud-init job (metadata service crawler)...
[   12.329239] cloud-init[927]: Cloud-init v. 0.7.9 running 'init' at Thu, 20 Jul 2017 08:09:25 +0000. Up 11.90 seconds.
[   12.334216] cloud-init[927]: ci-info: +++++++++++++++++++++++++++++++++++++Net device info++++++++++++++++++++++++++++++++++++++
[   12.338216] cloud-init[927]: ci-info: +--------+------+----------------------------+---------------+-------+-------------------+
[   12.341425] cloud-init[927]: ci-info: | Device |  Up  |          Address           |      Mask     | Scope |     Hw-Address    |
[   12.342641] cloud-init[927]: ci-info: +--------+------+----------------------------+---------------+-------+-------------------+
[   12.354392] cloud-init[927]: ci-info: |   lo   | True |         127.0.0.1          |   255.0.0.0   |   .   |         .         |
[   12.357128] cloud-init[927]: ci-info: |   lo   | True |          ::1/128           |       .       |  host |         .         |
[   12.358327] cloud-init[927]: ci-info: | enp0s3 | True |         10.0.2.15          | 255.255.255.0 |   .   | 02:8d:c1:65:67:83 |
[   12.366560] cloud-init[927]: ci-info: | enp0s3 | True | fe80::8d:c1ff:fe65:6783/64 |       .       |  link | 02:8d:c1:65:67:83 |
[   12.366793] cloud-init[927]: ci-info: +--------+------+----------------------------+---------------+-------+-------------------+
[[0;32m  OK  [0m] Started Initial cloud-init job (metadata service crawler).
[   12.366893] cloud-init[927]: ci-info: +++++++++++++++++++++++++++Route IPv4 info++++++++++++++++++++++++++++
[   12.385622] cloud-init[927]: ci-info: +-------+-------------+----------+---------------+-----------+-------+
[   12.385818] cloud-init[927]: ci-info: | Route | Destination | Gateway  |    Genmask    | Interface | Flags |
[   12.385914] cloud-init[927]: ci-info: +-------+-------------+----------+---------------+-----------+-------+
[   12.386012] cloud-init[927]: ci-info: |   0   |   0.0.0.0   | 10.0.2.2 |    0.0.0.0    |   enp0s3  |   UG  |
[   12.386108] cloud-init[927]: ci-info: |   1   |   10.0.2.0  | 0.0.0.0  | 255.255.255.0 |   enp0s3  |   U   |
[   12.386204] cloud-init[927]: ci-info: +-------+-------------+----------+---------------+-----------+-------+
[   12.386301] cloud-init[927]: Generating public/private rsa key pair.
[[0;32m  OK  [0m] Reached target Cloud-config availability.
[[0;32m  OK  [0m] Reached target System Initialization.
[[0;32m  OK  [0m] Started Daily Cleanup of Temporary Directories.
[[0;32m  OK  [0m] Started Timer to automatically refresh installed snaps.
[[0;32m  OK  [0m] Started Daily apt activities.
[[0;32m  OK  [0m] Reached target Timers.
[[0;32m  OK  [0m] Listening on ACPID Listen Socket.
         Starting Socket activation for snappy daemon.
[[0;32m  OK  [0m] Listening on UUID daemon activation socket.
[   12.386417] cloud-init[927]: Your identification has been saved in /etc/ssh/ssh_host_rsa_key.
[   12.406333] cloud-init[927]: Your public key has been saved in /etc/ssh/ssh_host_rsa_key.pub.
[   12.407274] cloud-init[927]: The key fingerprint is:
[   12.407488] cloud-init[927]: SHA256:moaJbkpopb+l/XaduDEf3QBPNa4qrsif1ITxeQ6kolI root@ubuntu-xenial
[   12.407584] cloud-init[927]: The key's randomart image is:
[   12.407682] cloud-init[927]: +---[RSA 2048]----+
[   12.407778] cloud-init[927]: |               o |
[   12.407875] cloud-init[927]: |              o .|
[   12.408006] cloud-init[927]: |       . . . . . |
[   12.408194] cloud-init[927]: |        * . + .  |
[   12.408286] cloud-init[927]: |   E . oS= . +   |
[   12.408385] cloud-init[927]: |. +..o.oo + o o  |
[   12.408481] cloud-init[927]: |.=..o.+. =o+.. . |
[   12.408579] cloud-init[927]: |o.+ =.o.oo=o.    |
[   12.408676] cloud-init[927]: |.o.+.++=oo..     |
[   12.408785] cloud-init[927]: +----[SHA256]-----+
[   12.408870] cloud-init[927]: Generating public/private dsa key pair.
         Starting LXD - unix socket.
[   12.409204] cloud-init[927]: Your identification has been saved in /etc/ssh/ssh_host_dsa_key.
[   12.427628] cloud-init[927]: Your public key has been saved in /etc/ssh/ssh_host_dsa_key.pub.
[   12.428570] cloud-init[927]: The key fingerprint is:
[   12.428771] cloud-init[927]: SHA256:w06BsgLWg5kpwWTKq+B2rXdeYuxlaYU+gufK+f+C6WI root@ubuntu-xenial
[   12.428869] cloud-init[927]: The key's randomart image is:
[   12.428966] cloud-init[927]: +---[DSA 1024]----+
[   12.429060] cloud-init[927]: |+o               |
[   12.429156] cloud-init[927]: |+o*    .         |
[   12.429253] cloud-init[927]: |+B o. . .        |
[   12.429349] cloud-init[927]: |o.. .o . ..      |
[   12.429445] cloud-init[927]: |... .   S. .     |
[   12.429552] cloud-init[927]: |+  .. oo..o      |
[   12.429645] cloud-init[927]: |.o . o *+O       |
[   12.429739] cloud-init[927]: |. . oE*+B..      |
[   12.429838] cloud-init[927]: |   .o+B*..o.     |
[   12.429935] cloud-init[927]: +----[SHA256]-----+
[   12.430030] cloud-init[927]: Generating public/private ecdsa key pair.
[   12.430127] cloud-init[927]: Your identification has been saved in /etc/ssh/ssh_host_ecdsa_key.
[   12.430223] cloud-init[927]: Your public key has been saved in /etc/ssh/ssh_host_ecdsa_key.pub.
[   12.430321] cloud-init[927]: The key fingerprint is:
[   12.430416] cloud-init[927]: SHA256:hzTGZQ+EQxM4VqQdOSTgz43uUjvLcg/b7WgCQSsgKi8 root@ubuntu-xenial
[   12.430564] cloud-init[927]: The key's randomart image is:
[   12.430650] cloud-init[927]: +---[ECDSA 256]---+
[   12.430744] cloud-init[927]: |    ...*O==      |
[   12.430841] cloud-init[927]: |o  .. +=== o     |
[   12.430939] cloud-init[927]: |o. ..o..*o  .    |
[   12.431037] cloud-init[927]: |o . oo = o       |
[   12.431137] cloud-init[927]: |.. . .+ S .      |
[   12.431236] cloud-init[927]: |E . ...  .       |
[   12.431330] cloud-init[927]: | .   oo.         |
[   12.431429] cloud-init[927]: |    oo=+.o       |
[[0;32m  OK  [0m] Started ACPI Events Check.
[[0;32m  OK  [0m] Reached target Paths.
[   12.431540] cloud-init[927]: |     +=*+.o      |
[   12.489075] cloud-init[927]: +----[SHA256]-----+
[   12.489249] cloud-init[927]: Generating public/private ed25519 key pair.
[   12.489344] cloud-init[927]: Your identification has been saved in /etc/ssh/ssh_host_ed25519_key.
[   12.489468] cloud-init[927]: Your public key has been saved in /etc/ssh/ssh_host_ed25519_key.pub.
[   12.489598] cloud-init[927]: The key fingerprint is:
[   12.489689] cloud-init[927]: SHA256:04wO4bYrlLjzx86OUxdVpQ0hkSyWZZCq/GeTh5f2EcM root@ubuntu-xenial
[   12.489786] cloud-init[927]: The key's randomart image is:
[   12.489889] cloud-init[927]: +--[ED25519 256]--+
[   12.489984] cloud-init[927]: |        .*=++o.  |
[   12.490082] cloud-init[927]: |        =.+. +   |
[   12.490180] cloud-init[927]: |      .o o  . .  |
[   12.490279] cloud-init[927]: |     ....+ .     |
[   12.490376] cloud-init[927]: |   o o+ S.o E    |
[   12.490575] cloud-init[927]: |  . =..+..   o   |
[[0;32m  OK  [0m] Listening on D-Bus System Message Bus Socket.
[[   12.490657] cloud-init[927]: |   o +...o ..    |
[   12.503950] cloud-init[927]: |  o oo+.* =  .   |
[   12.504124] cloud-init[927]: |   oo*=o = ..    |
[   12.504238] cloud-init[927]: +----[SHA256]-----+
[0;32m  OK  [0m] Reached target Network is Online.
         Starting iSCSI initiator daemon (iscsid)...
[[0;32m  OK  [0m] Listening on Socket activation for snappy daemon.
[[0;32m  OK  [0m] Listening on LXD - unix socket.
[[0;32m  OK  [0m] Reached target Sockets.
[[0;32m  OK  [0m] Reached target Basic System.
[[0;32m  OK  [0m] Started ACPI event daemon.
         Starting LXD - container startup/shutdown...
         Starting LSB: Record successful boot for GRUB...
[[0;32m  OK  [0m] Started Regular background program processing daemon.
[[0;32m  OK  [0m] Started FUSE filesystem for LXC.
[[0;32m  OK  [0m] Started Deferred execution scheduler.
         Starting LSB: MD monitoring daemon...
         Starting System Logging Service...
         Starting /etc/rc.local Compatibility...
         Starting Accounts Service...
         Starting Pollinate to seed the pseudo random number generator...
[[0;32m  OK  [0m] Started Unattended Upgrades Shutdown.
[[0;32m  OK  [0m] Started D-Bus System Message Bus.
         Starting Login Service...
         Starting Apply the settings specified in cloud-config...
[[0;32m  OK  [0m] Started Snappy daemon.
         Starting Auto import assertions from block devices...
[[0;32m  OK  [0m] Started System Logging Service.
[[0;32m  OK  [0m] Started iSCSI initiator daemon (iscsid).
[[0;32m  OK  [0m] Started LXD - container startup/shutdown.
[[0;32m  OK  [0m] Started /etc/rc.local Compatibility.
[[0;32m  OK  [0m] Started Auto import assertions from block devices.
[[0;32m  OK  [0m] Started LSB: Record successful boot for GRUB.
[[0;32m  OK  [0m] Started LSB: MD monitoring daemon.
         Starting Authenticate and Authorize Users to Run Privileged Tasks...
         Starting Login to default iSCSI targets...
[[0;32m  OK  [0m] Started Login Service.
[[0;32m  OK  [0m] Started Authenticate and Authorize Users to Run Privileged Tasks.
[[0;32m  OK  [0m] Started Accounts Service.
[[0;32m  OK  [0m] Started Login to default iSCSI targets.
[[0;32m  OK  [0m] Reached target Remote File Systems (Pre).
[[0;32m  OK  [0m] Reached target Remote File Systems.
         Starting Permit User Sessions...
[   13.788775] cloud-init[1093]: Generating locales (this might take a while)...
         Starting LSB: automatic crash report generation...
         Starting LSB: VirtualBox Linux Additions...
         Starting LSB: daemon to balance interrupts for SMP systems...
         Starting LSB: Set the CPU Frequency Scaling governor to "ondemand"...
[[0;32m  OK  [0m] Started Permit User Sessions.
         Starting Terminate Plymouth Boot Screen...
         Starting Hold until boot process finishes up...
[[0;32m  OK  [0m] Started LSB: automatic crash report generation.
[[0;32m  OK  [0m] Started LSB: daemon to balance interrupts for SMP systems.
[[0;32m  OK  [0m] Started Pollinate to seed the pseudo random number generator.
[[0;32m  OK  [0m] Started LSB: VirtualBox Linux Additions.
[[0;32m  OK  [0m] Started Terminate Plymouth Boot Screen.
[[0;32m  OK  [0m] Started Hold until boot process finishes up.
[[0;32m  OK  [0m] Started LSB: Set the CPU Frequency Scaling governor to "ondemand".
         Starting Set console scheme...
[[0;32m  OK  [0m] Started Serial Getty on ttyS0.
[[0;32m  OK  [0m] Started Getty on tty1.
[[0;32m  OK  [0m] Reached target Login Prompts.
         Starting OpenBSD Secure Shell server...
[[0;32m  OK  [0m] Started OpenBSD Secure Shell server.
[[0;32m  OK  [0m] Started Set console scheme.
[[0;32m  OK  [0m] Reached target Multi-User System.
[[0;32m  OK  [0m] Reached target Graphical Interface.
         Starting Update UTMP about System Runlevel Changes...
[[0;32m  OK  [0m] Started Update UTMP about System Runlevel Changes.
[   14.443071] cloud-init[1093]:   en_US.UTF-8... done
[   14.449397] cloud-init[1093]: Generation complete.
         Stopping OpenBSD Secure Shell server...
[[0;32m  OK  [0m] Stopped OpenBSD Secure Shell server.
         Starting OpenBSD Secure Shell server...
[[0;32m  OK  [0m] Started OpenBSD Secure Shell server.
[   14.715023] cloud-init[1093]: Cloud-init v. 0.7.9 running 'modules:config' at Thu, 20 Jul 2017 08:09:27 +0000. Up 13.71 seconds.
[[0;32m  OK  [0m] Started Apply the settings specified in cloud-config.
         Starting Execute cloud user/final scripts...
ci-info: no authorized ssh keys fingerprints found for user ubuntu.
<14>Jul 20 08:09:28 ec2: 
<14>Jul 20 08:09:28 ec2: #############################################################
<14>Jul 20 08:09:28 ec2: -----BEGIN SSH HOST KEY FINGERPRINTS-----
<14>Jul 20 08:09:28 ec2: 1024 SHA256:w06BsgLWg5kpwWTKq+B2rXdeYuxlaYU+gufK+f+C6WI root@ubuntu-xenial (DSA)
<14>Jul 20 08:09:28 ec2: 256 SHA256:hzTGZQ+EQxM4VqQdOSTgz43uUjvLcg/b7WgCQSsgKi8 root@ubuntu-xenial (ECDSA)
<14>Jul 20 08:09:28 ec2: 256 SHA256:04wO4bYrlLjzx86OUxdVpQ0hkSyWZZCq/GeTh5f2EcM root@ubuntu-xenial (ED25519)
<14>Jul 20 08:09:28 ec2: 2048 SHA256:moaJbkpopb+l/XaduDEf3QBPNa4qrsif1ITxeQ6kolI root@ubuntu-xenial (RSA)
<14>Jul 20 08:09:28 ec2: -----END SSH HOST KEY FINGERPRINTS-----
<14>Jul 20 08:09:28 ec2: #############################################################
-----BEGIN SSH HOST KEY KEYS-----
ecdsa-sha2-nistp256 AAAAE2VjZHNhLXNoYTItbmlzdHAyNTYAAAAIbmlzdHAyNTYAAABBBO2ZgsIMQw1KiKblBqpCj07HdLUFMw5dyXnDBv+j5H8g3hgp0UhzucH0hY1AsibDfJDK+1SgxUM5dcDG17PHUeo= root@ubuntu-xenial
ssh-ed25519 AAAAC3NzaC1lZDI1NTE5AAAAINUOS0OTNZEbFNNL3oBZDO4h/Q4CUALoA1Afnd8xUtE2 root@ubuntu-xenial
ssh-rsa AAAAB3NzaC1yc2EAAAADAQABAAABAQDMD08cgyVA8VdxgLN/QNhby/mcz+yoM+SBsGRbbeYtgRZ92vfcYU4EDttm2CkseGXSLBrF98SKZVRwL+pOUIBJxYhR7Pkl3AZr4bJGUdtb6JzOYhCdzTa4tQYdeRN/VknBGxw1qAe3qVlZ4j7ee8S7nVsYKAUgIcrW1I+ZXpeV6VFEkkVj0ZLNmCcZlD/OqJ7tEM1TPi78fEzgiThZMvpjAy7UZ30lfsJqaaqlNcFr6w0oaYOL2XjCGdBDwWbk69h1IvXI1UqaZ7rGEMN2EidkdYK4EEn4jfNX2NuG7+px8+wR3rUDHbMpxTkKaJHYHy50Kg+q71cxKLDhU0kuLJEv root@ubuntu-xenial
-----END SSH HOST KEY KEYS-----
[   15.174978] cloud-init[1290]: Cloud-init v. 0.7.9 running 'modules:final' at Thu, 20 Jul 2017 08:09:28 +0000. Up 14.99 seconds.
[   15.187698] cloud-init[1290]: ci-info: no authorized ssh keys fingerprints found for user ubuntu.
[   15.196570] cloud-init[1290]: Cloud-init v. 0.7.9 finished at Thu, 20 Jul 2017 08:09:28 +0000. Datasource DataSourceNoCloud [seed=/dev/sdb][dsmode=net].  Up 15.17 seconds
[[0;32m  OK  [0m] Started Execute cloud user/final scripts.
[[0;32m  OK  [0m] Reached target Cloud-init target.

Ubuntu 16.04.2 LTS ubuntu-xenial ttyS0

ubuntu-xenial login: 